2025-10-12 08:01:59,549 [INFO] Logger initialized. Log file: navigation-assistance\random_tuning\random_search_2025-10-12_08-01.log
2025-10-12 08:01:59,550 [INFO] Mulai Random Search (10 eksperimen)...
2025-10-12 08:01:59,550 [INFO] [Exp 1/10] lr0=0.00867, momentum=0.9302, wd=0.000269, batch=8, opt=SGD
2025-10-12 10:58:06,453 [INFO] [Exp 1] ✅ Done | mAP50=0.9122, mAP95=0.7215, P=0.8806, R=0.8606
2025-10-12 10:58:06,478 [INFO] [Exp 2/10] lr0=0.0078, momentum=0.9118, wd=0.000325, batch=8, opt=AdamW
2025-10-12 13:47:10,427 [INFO] [Exp 2] ✅ Done | mAP50=0.8582, mAP95=0.6487, P=0.8112, R=0.8063
2025-10-12 13:47:10,430 [INFO] [Exp 3/10] lr0=0.00226, momentum=0.8595, wd=0.000819, batch=8, opt=AdamW
2025-10-12 20:28:08,801 [INFO] [Exp 3] ✅ Done | mAP50=0.9039, mAP95=0.7011, P=0.8696, R=0.8438
2025-10-12 20:28:08,804 [INFO] [Exp 4/10] lr0=0.00226, momentum=0.8595, wd=0.000819, batch=8, opt=AdamW
2025-10-13 00:13:46,099 [INFO] [Exp 4] ✅ Done | mAP50=0.9039, mAP95=0.7011, P=0.8696, R=0.8438
2025-10-13 00:13:46,101 [INFO] [Exp 5/10] lr0=0.00226, momentum=0.8595, wd=0.000819, batch=8, opt=AdamW
2025-10-13 02:59:14,855 [INFO] [Exp 5] ✅ Done | mAP50=0.9039, mAP95=0.7011, P=0.8696, R=0.8438
2025-10-13 02:59:14,858 [INFO] [Exp 6/10] lr0=0.00226, momentum=0.8595, wd=0.000819, batch=8, opt=AdamW
2025-10-13 05:47:39,667 [INFO] [Exp 6] ✅ Done | mAP50=0.9039, mAP95=0.7011, P=0.8696, R=0.8438
2025-10-13 05:47:39,670 [INFO] [Exp 7/10] lr0=0.00226, momentum=0.8595, wd=0.000819, batch=8, opt=AdamW
2025-10-13 09:01:33,897 [INFO] [Exp 7] ✅ Done | mAP50=0.9039, mAP95=0.7011, P=0.8696, R=0.8438
2025-10-13 09:01:33,900 [INFO] [Exp 8/10] lr0=0.00226, momentum=0.8595, wd=0.000819, batch=8, opt=AdamW
2025-10-13 12:54:20,847 [INFO] [Exp 8] ✅ Done | mAP50=0.9039, mAP95=0.7011, P=0.8696, R=0.8438
2025-10-13 12:54:20,850 [INFO] [Exp 9/10] lr0=0.00226, momentum=0.8595, wd=0.000819, batch=8, opt=AdamW
2025-10-13 15:45:04,975 [INFO] [Exp 9] ✅ Done | mAP50=0.9039, mAP95=0.7011, P=0.8696, R=0.8438
2025-10-13 15:45:04,980 [INFO] [Exp 10/10] lr0=0.00226, momentum=0.8595, wd=0.000819, batch=8, opt=AdamW
2025-10-13 23:16:42,977 [INFO] [Exp 10] ✅ Done | mAP50=0.9039, mAP95=0.7011, P=0.8696, R=0.8438
2025-10-13 23:16:42,983 [INFO] Random Search selesai! Hasil CSV: navigation-assistance\random_tuning\results_random_2025-10-12_08-01.csv
2025-10-13 23:16:42,984 [INFO] Log tersimpan di: navigation-assistance\random_tuning\random_search_2025-10-12_08-01.log
